#! /c/Source/iverilog-install/bin/vvp
:ivl_version "12.0 (devel)" "(s20150603-1539-g2693dd32b)";
:ivl_delay_selection "TYPICAL";
:vpi_time_precision + 0;
:vpi_module "C:\iverilog\lib\ivl\system.vpi";
:vpi_module "C:\iverilog\lib\ivl\vhdl_sys.vpi";
:vpi_module "C:\iverilog\lib\ivl\vhdl_textio.vpi";
:vpi_module "C:\iverilog\lib\ivl\v2005_math.vpi";
:vpi_module "C:\iverilog\lib\ivl\va_math.vpi";
S_00000275460c2ce0 .scope module, "controller" "controller" 2 2;
 .timescale 0 0;
    .port_info 0 /INPUT 7 "op";
    .port_info 1 /INPUT 3 "funct3";
    .port_info 2 /OUTPUT 1 "rf_we";
    .port_info 3 /OUTPUT 3 "sel_ext";
    .port_info 4 /OUTPUT 1 "sel_alu_src_b";
    .port_info 5 /OUTPUT 1 "dmem_we";
    .port_info 6 /OUTPUT 2 "sel_result";
    .port_info 7 /OUTPUT 2 "alu_op";
    .port_info 8 /OUTPUT 1 "branch";
    .port_info 9 /OUTPUT 1 "jump";
P_00000275460e9460 .param/l "ALU_OP_ADD" 1 2 34, C4<00>;
P_00000275460e9498 .param/l "ALU_OP_BEQ" 1 2 37, C4<11>;
P_00000275460e94d0 .param/l "ALU_OP_I" 1 2 36, C4<10>;
P_00000275460e9508 .param/l "ALU_OP_R" 1 2 35, C4<01>;
P_00000275460e9540 .param/l "EXIT_B" 1 2 25, C4<010>;
P_00000275460e9578 .param/l "EXIT_I" 1 2 23, C4<000>;
P_00000275460e95b0 .param/l "EXIT_J" 1 2 26, C4<011>;
P_00000275460e95e8 .param/l "EXIT_S" 1 2 24, C4<001>;
P_00000275460e9620 .param/l "EXIT_U" 1 2 27, C4<100>;
P_00000275460e9658 .param/l "OPCODE_BEQ" 1 2 19, C4<1100011>;
P_00000275460e9690 .param/l "OPCODE_I_TYPE" 1 2 18, C4<0010011>;
P_00000275460e96c8 .param/l "OPCODE_JAL" 1 2 20, C4<1101111>;
P_00000275460e9700 .param/l "OPCODE_LUI" 1 2 21, C4<0110111>;
P_00000275460e9738 .param/l "OPCODE_LW" 1 2 15, C4<0000011>;
P_00000275460e9770 .param/l "OPCODE_R_TYPE" 1 2 17, C4<0110011>;
P_00000275460e97a8 .param/l "OPCODE_SW" 1 2 16, C4<0100011>;
P_00000275460e97e0 .param/l "RESULT_ALU" 1 2 29, C4<00>;
P_00000275460e9818 .param/l "RESULT_IMM" 1 2 32, C4<11>;
P_00000275460e9850 .param/l "RESULT_MEM" 1 2 30, C4<01>;
P_00000275460e9888 .param/l "RESULT_PC4" 1 2 31, C4<10>;
v00000275460c2e70_0 .var "alu_op", 1 0;
v00000275460c2f10_0 .var "branch", 0 0;
v00000275460c2fb0_0 .var "dmem_we", 0 0;
o0000027546103068 .functor BUFZ 3, C4<zzz>; HiZ drive
v00000275460c3050_0 .net "funct3", 2 0, o0000027546103068;  0 drivers
v00000275460c30f0_0 .var "jump", 0 0;
o00000275461030c8 .functor BUFZ 7, C4<zzzzzzz>; HiZ drive
v00000275460f4580_0 .net "op", 6 0, o00000275461030c8;  0 drivers
v00000275460f4620_0 .var "rf_we", 0 0;
v00000275460f46c0_0 .var "sel_alu_src_b", 0 0;
v00000275460f4760_0 .var "sel_ext", 2 0;
v00000275460f4800_0 .var "sel_result", 1 0;
E_00000275460e5e30 .event anyedge, v00000275460f4580_0, v00000275460c3050_0;
    .scope S_00000275460c2ce0;
T_0 ;
    %wait E_00000275460e5e30;
    %pushi/vec4 0, 0, 1;
    %store/vec4 v00000275460f4620_0, 0, 1;
    %pushi/vec4 0, 0, 3;
    %store/vec4 v00000275460f4760_0, 0, 3;
    %pushi/vec4 0, 0, 1;
    %store/vec4 v00000275460f46c0_0, 0, 1;
    %pushi/vec4 0, 0, 1;
    %store/vec4 v00000275460c2fb0_0, 0, 1;
    %pushi/vec4 0, 0, 2;
    %store/vec4 v00000275460f4800_0, 0, 2;
    %pushi/vec4 0, 0, 2;
    %store/vec4 v00000275460c2e70_0, 0, 2;
    %pushi/vec4 0, 0, 1;
    %store/vec4 v00000275460c2f10_0, 0, 1;
    %pushi/vec4 0, 0, 1;
    %store/vec4 v00000275460c30f0_0, 0, 1;
    %load/vec4 v00000275460f4580_0;
    %dup/vec4;
    %pushi/vec4 3, 0, 7;
    %cmp/u;
    %jmp/1 T_0.0, 6;
    %dup/vec4;
    %pushi/vec4 35, 0, 7;
    %cmp/u;
    %jmp/1 T_0.1, 6;
    %dup/vec4;
    %pushi/vec4 51, 0, 7;
    %cmp/u;
    %jmp/1 T_0.2, 6;
    %dup/vec4;
    %pushi/vec4 19, 0, 7;
    %cmp/u;
    %jmp/1 T_0.3, 6;
    %dup/vec4;
    %pushi/vec4 99, 0, 7;
    %cmp/u;
    %jmp/1 T_0.4, 6;
    %dup/vec4;
    %pushi/vec4 111, 0, 7;
    %cmp/u;
    %jmp/1 T_0.5, 6;
    %dup/vec4;
    %pushi/vec4 55, 0, 7;
    %cmp/u;
    %jmp/1 T_0.6, 6;
    %pushi/vec4 0, 0, 1;
    %store/vec4 v00000275460f4620_0, 0, 1;
    %pushi/vec4 0, 0, 3;
    %store/vec4 v00000275460f4760_0, 0, 3;
    %pushi/vec4 0, 0, 1;
    %store/vec4 v00000275460f46c0_0, 0, 1;
    %pushi/vec4 0, 0, 1;
    %store/vec4 v00000275460c2fb0_0, 0, 1;
    %pushi/vec4 0, 0, 2;
    %store/vec4 v00000275460f4800_0, 0, 2;
    %pushi/vec4 0, 0, 2;
    %store/vec4 v00000275460c2e70_0, 0, 2;
    %pushi/vec4 0, 0, 1;
    %store/vec4 v00000275460c2f10_0, 0, 1;
    %pushi/vec4 0, 0, 1;
    %store/vec4 v00000275460c30f0_0, 0, 1;
    %jmp T_0.8;
T_0.0 ;
    %load/vec4 v00000275460c3050_0;
    %cmpi/e 2, 0, 3;
    %jmp/0xz  T_0.9, 4;
    %pushi/vec4 1, 0, 1;
    %store/vec4 v00000275460f4620_0, 0, 1;
    %pushi/vec4 0, 0, 3;
    %store/vec4 v00000275460f4760_0, 0, 3;
    %pushi/vec4 1, 0, 1;
    %store/vec4 v00000275460f46c0_0, 0, 1;
    %pushi/vec4 0, 0, 1;
    %store/vec4 v00000275460c2fb0_0, 0, 1;
    %pushi/vec4 1, 0, 2;
    %store/vec4 v00000275460f4800_0, 0, 2;
    %pushi/vec4 0, 0, 2;
    %store/vec4 v00000275460c2e70_0, 0, 2;
T_0.9 ;
    %jmp T_0.8;
T_0.1 ;
    %load/vec4 v00000275460c3050_0;
    %cmpi/e 2, 0, 3;
    %jmp/0xz  T_0.11, 4;
    %pushi/vec4 0, 0, 1;
    %store/vec4 v00000275460f4620_0, 0, 1;
    %pushi/vec4 1, 0, 3;
    %store/vec4 v00000275460f4760_0, 0, 3;
    %pushi/vec4 1, 0, 1;
    %store/vec4 v00000275460f46c0_0, 0, 1;
    %pushi/vec4 1, 0, 1;
    %store/vec4 v00000275460c2fb0_0, 0, 1;
    %pushi/vec4 0, 0, 2;
    %store/vec4 v00000275460f4800_0, 0, 2;
    %pushi/vec4 0, 0, 2;
    %store/vec4 v00000275460c2e70_0, 0, 2;
T_0.11 ;
    %jmp T_0.8;
T_0.2 ;
    %pushi/vec4 1, 0, 1;
    %store/vec4 v00000275460f4620_0, 0, 1;
    %pushi/vec4 0, 0, 3;
    %store/vec4 v00000275460f4760_0, 0, 3;
    %pushi/vec4 0, 0, 1;
    %store/vec4 v00000275460f46c0_0, 0, 1;
    %pushi/vec4 0, 0, 1;
    %store/vec4 v00000275460c2fb0_0, 0, 1;
    %pushi/vec4 0, 0, 2;
    %store/vec4 v00000275460f4800_0, 0, 2;
    %pushi/vec4 1, 0, 2;
    %store/vec4 v00000275460c2e70_0, 0, 2;
    %jmp T_0.8;
T_0.3 ;
    %pushi/vec4 1, 0, 1;
    %store/vec4 v00000275460f4620_0, 0, 1;
    %pushi/vec4 0, 0, 3;
    %store/vec4 v00000275460f4760_0, 0, 3;
    %pushi/vec4 1, 0, 1;
    %store/vec4 v00000275460f46c0_0, 0, 1;
    %pushi/vec4 0, 0, 1;
    %store/vec4 v00000275460c2fb0_0, 0, 1;
    %pushi/vec4 0, 0, 2;
    %store/vec4 v00000275460f4800_0, 0, 2;
    %pushi/vec4 2, 0, 2;
    %store/vec4 v00000275460c2e70_0, 0, 2;
    %jmp T_0.8;
T_0.4 ;
    %load/vec4 v00000275460c3050_0;
    %cmpi/e 0, 0, 3;
    %jmp/0xz  T_0.13, 4;
    %pushi/vec4 0, 0, 1;
    %store/vec4 v00000275460f4620_0, 0, 1;
    %pushi/vec4 2, 0, 3;
    %store/vec4 v00000275460f4760_0, 0, 3;
    %pushi/vec4 0, 0, 1;
    %store/vec4 v00000275460f46c0_0, 0, 1;
    %pushi/vec4 0, 0, 1;
    %store/vec4 v00000275460c2fb0_0, 0, 1;
    %pushi/vec4 0, 0, 2;
    %store/vec4 v00000275460f4800_0, 0, 2;
    %pushi/vec4 3, 0, 2;
    %store/vec4 v00000275460c2e70_0, 0, 2;
    %pushi/vec4 1, 0, 1;
    %store/vec4 v00000275460c2f10_0, 0, 1;
T_0.13 ;
    %jmp T_0.8;
T_0.5 ;
    %pushi/vec4 1, 0, 1;
    %store/vec4 v00000275460f4620_0, 0, 1;
    %pushi/vec4 3, 0, 3;
    %store/vec4 v00000275460f4760_0, 0, 3;
    %pushi/vec4 0, 0, 1;
    %store/vec4 v00000275460f46c0_0, 0, 1;
    %pushi/vec4 0, 0, 1;
    %store/vec4 v00000275460c2fb0_0, 0, 1;
    %pushi/vec4 2, 0, 2;
    %store/vec4 v00000275460f4800_0, 0, 2;
    %pushi/vec4 0, 0, 2;
    %store/vec4 v00000275460c2e70_0, 0, 2;
    %pushi/vec4 1, 0, 1;
    %store/vec4 v00000275460c30f0_0, 0, 1;
    %jmp T_0.8;
T_0.6 ;
    %pushi/vec4 1, 0, 1;
    %store/vec4 v00000275460f4620_0, 0, 1;
    %pushi/vec4 4, 0, 3;
    %store/vec4 v00000275460f4760_0, 0, 3;
    %pushi/vec4 1, 0, 1;
    %store/vec4 v00000275460f46c0_0, 0, 1;
    %pushi/vec4 0, 0, 1;
    %store/vec4 v00000275460c2fb0_0, 0, 1;
    %pushi/vec4 3, 0, 2;
    %store/vec4 v00000275460f4800_0, 0, 2;
    %pushi/vec4 0, 0, 2;
    %store/vec4 v00000275460c2e70_0, 0, 2;
    %jmp T_0.8;
T_0.8 ;
    %pop/vec4 1;
    %jmp T_0;
    .thread T_0, $push;
# The file index is used to find the file name in the following table.
:file_names 3;
    "N/A";
    "<interactive>";
    "c:\Users\silez\Desktop\BIE_26S\HDL\FPGA\project_final_31.07\project_final_31.07.srcs\sources_1\imports\src\control\controller.v";
